Renesas Optimizing Linker (W3.01.00 )             16-Jul-2019 17:27:55

*** Options ***

-subcommand=DefaultBuild\shashutu.clnk
-library=DefaultBuild\shashutu.lib
-input=DefaultBuild\dbsct.obj
-input=DefaultBuild\intprg.obj
-input=DefaultBuild\resetprg.obj
-input=DefaultBuild\sbrk.obj
-input=DefaultBuild\shashutu.obj
-input=DefaultBuild\vecttbl.obj
-input=DefaultBuild\init.obj
-input=DefaultBuild\relay.obj
-input=DefaultBuild\tsusin.obj
-input=DefaultBuild\disp.obj
-input=DefaultBuild\omnidirectionaldriver.obj
-noprelink
-output=DefaultBuild\shashutu.abs
-list=DefaultBuild\shashutu.map
-nooptimize
-start=B_1,R_1,B_2,R_2,B,R,SU,SI/04,PResetPRG/0FFFC0000,C_1,C_2,C,C$DSEC,C$BSEC,C$INIT,C$VTBL,C$VECT,D_1,D_2,D,P,PIntPRG,W_1,W_2,W,L/0FFFC0100,FIXEDVECT/0FFFFFFD0
-rom=D=R,D_1=R_1,D_2=R_2
-nologo
-end

*** Error information ***

*** Mapping List ***

SECTION                            START      END         SIZE   ALIGN
B_1
                                  00000004  00000004         0   1
R_1
                                  00000004  00000004         0   1
B_2
                                  00000004  00000004         0   1
R_2
                                  00000004  00000004         0   1
B
                                  00000004  0000044b       448   4
R
                                  0000044c  000004a3        58   4
SU
                                  000004a4  000005a3       100   4
SI
                                  000005a4  000008a3       300   4
PResetPRG
                                  fffc0000  fffc002f        30   1
C_1
                                  fffc0100  fffc0100         0   1
C_2
                                  fffc0100  fffc0100         0   1
C
                                  fffc0100  fffc0133        34   4
C$DSEC
                                  fffc0134  fffc0157        24   4
C$BSEC
                                  fffc0158  fffc016f        18   4
C$INIT
                                  fffc0170  fffc0170         0   1
C$VTBL
                                  fffc0170  fffc0170         0   1
C$VECT
                                  fffc0170  fffc056f       400   4
D_1
                                  fffc0570  fffc0570         0   1
D_2
                                  fffc0570  fffc0570         0   1
D
                                  fffc0570  fffc05c7        58   4
P
                                  fffc05c8  fffc0fba       9f3   1
PIntPRG
                                  fffc0fbb  fffc10be       104   1
W_1
                                  fffc10bf  fffc10bf         0   1
W_2
                                  fffc10bf  fffc10bf         0   1
W
                                  fffc10bf  fffc10bf         0   1
L
                                  fffc10bf  fffc10bf         0   1
$ADDR_C_FFFFFFA0
                                  ffffffa0  ffffffaf        10   1
FIXEDVECT
                                  ffffffd0  ffffffff        30   4
